------------------------------------------------------------
Timing Analyzer Summary
------------------------------------------------------------

Type  : Slow 1100mV 85C Model Setup 'clk_vga'
Slack : -11.724
TNS   : -276.332

Type  : Slow 1100mV 85C Model Setup 'clk_dram'
Slack : -5.068
TNS   : -9.334

Type  : Slow 1100mV 85C Model Setup 'b2v_inst7|clockgen_inst|altera_pll_i|general[2].gpll~PLL_OUTPUT_COUNTER|divclk'
Slack : -1.333
TNS   : -1.333

Type  : Slow 1100mV 85C Model Setup 'b2v_inst7|clockgen_inst|altera_pll_i|general[3].gpll~PLL_OUTPUT_COUNTER|divclk'
Slack : 1.654
TNS   : 0.000

Type  : Slow 1100mV 85C Model Setup 'b2v_inst7|clockgen_inst|altera_pll_i|general[0].gpll~PLL_OUTPUT_COUNTER|divclk'
Slack : 4.749
TNS   : 0.000

Type  : Slow 1100mV 85C Model Setup 'altera_reserved_tck'
Slack : 22.370
TNS   : 0.000

Type  : Slow 1100mV 85C Model Setup 'I2C_AV_Config:I2C_Configure_Audio_Chip|mI2C_CTRL_CLK'
Slack : 33.318
TNS   : 0.000

Type  : Slow 1100mV 85C Model Hold 'b2v_inst7|clockgen_inst|altera_pll_i|general[2].gpll~PLL_OUTPUT_COUNTER|divclk'
Slack : -2.077
TNS   : -2.077

Type  : Slow 1100mV 85C Model Hold 'altera_reserved_tck'
Slack : -0.042
TNS   : -0.042

Type  : Slow 1100mV 85C Model Hold 'b2v_inst7|clockgen_inst|altera_pll_i|general[0].gpll~PLL_OUTPUT_COUNTER|divclk'
Slack : -0.022
TNS   : -0.022

Type  : Slow 1100mV 85C Model Hold 'b2v_inst7|clockgen_inst|altera_pll_i|general[3].gpll~PLL_OUTPUT_COUNTER|divclk'
Slack : 0.269
TNS   : 0.000

Type  : Slow 1100mV 85C Model Hold 'I2C_AV_Config:I2C_Configure_Audio_Chip|mI2C_CTRL_CLK'
Slack : 0.306
TNS   : 0.000

Type  : Slow 1100mV 85C Model Hold 'clk_vga'
Slack : 8.033
TNS   : 0.000

Type  : Slow 1100mV 85C Model Hold 'clk_dram'
Slack : 9.159
TNS   : 0.000

Type  : Slow 1100mV 85C Model Recovery 'b2v_inst7|clockgen_inst|altera_pll_i|general[0].gpll~PLL_OUTPUT_COUNTER|divclk'
Slack : 34.642
TNS   : 0.000

Type  : Slow 1100mV 85C Model Recovery 'altera_reserved_tck'
Slack : 58.931
TNS   : 0.000

Type  : Slow 1100mV 85C Model Removal 'b2v_inst7|clockgen_inst|altera_pll_i|general[0].gpll~PLL_OUTPUT_COUNTER|divclk'
Slack : 0.603
TNS   : 0.000

Type  : Slow 1100mV 85C Model Removal 'altera_reserved_tck'
Slack : 1.035
TNS   : 0.000

Type  : Slow 1100mV 85C Model Minimum Pulse Width 'b2v_inst7|clockgen_inst|altera_pll_i|general[0].gpll~FRACTIONAL_PLL|vcoph[0]'
Slack : 0.974
TNS   : 0.000

Type  : Slow 1100mV 85C Model Minimum Pulse Width 'b2v_inst7|clockgen_inst|altera_pll_i|general[2].gpll~PLL_OUTPUT_COUNTER|divclk'
Slack : 7.424
TNS   : 0.000

Type  : Slow 1100mV 85C Model Minimum Pulse Width 'b2v_inst7|clockgen_inst|altera_pll_i|general[3].gpll~PLL_OUTPUT_COUNTER|divclk'
Slack : 7.746
TNS   : 0.000

Type  : Slow 1100mV 85C Model Minimum Pulse Width 'CLOCK_50'
Slack : 9.259
TNS   : 0.000

Type  : Slow 1100mV 85C Model Minimum Pulse Width 'b2v_inst7|clockgen_inst|altera_pll_i|general[0].gpll~PLL_OUTPUT_COUNTER|divclk'
Slack : 16.916
TNS   : 0.000

Type  : Slow 1100mV 85C Model Minimum Pulse Width 'I2C_AV_Config:I2C_Configure_Audio_Chip|mI2C_CTRL_CLK'
Slack : 18.511
TNS   : 0.000

Type  : Slow 1100mV 85C Model Minimum Pulse Width 'altera_reserved_tck'
Slack : 29.368
TNS   : 0.000

Type  : Slow 1100mV 0C Model Setup 'clk_vga'
Slack : -11.505
TNS   : -271.154

Type  : Slow 1100mV 0C Model Setup 'clk_dram'
Slack : -4.751
TNS   : -8.570

Type  : Slow 1100mV 0C Model Setup 'b2v_inst7|clockgen_inst|altera_pll_i|general[2].gpll~PLL_OUTPUT_COUNTER|divclk'
Slack : -1.047
TNS   : -1.047

Type  : Slow 1100mV 0C Model Setup 'b2v_inst7|clockgen_inst|altera_pll_i|general[3].gpll~PLL_OUTPUT_COUNTER|divclk'
Slack : 1.867
TNS   : 0.000

Type  : Slow 1100mV 0C Model Setup 'b2v_inst7|clockgen_inst|altera_pll_i|general[0].gpll~PLL_OUTPUT_COUNTER|divclk'
Slack : 4.813
TNS   : 0.000

Type  : Slow 1100mV 0C Model Setup 'altera_reserved_tck'
Slack : 22.552
TNS   : 0.000

Type  : Slow 1100mV 0C Model Setup 'I2C_AV_Config:I2C_Configure_Audio_Chip|mI2C_CTRL_CLK'
Slack : 33.401
TNS   : 0.000

Type  : Slow 1100mV 0C Model Hold 'b2v_inst7|clockgen_inst|altera_pll_i|general[2].gpll~PLL_OUTPUT_COUNTER|divclk'
Slack : -2.312
TNS   : -2.312

Type  : Slow 1100mV 0C Model Hold 'b2v_inst7|clockgen_inst|altera_pll_i|general[0].gpll~PLL_OUTPUT_COUNTER|divclk'
Slack : -0.060
TNS   : -0.106

Type  : Slow 1100mV 0C Model Hold 'altera_reserved_tck'
Slack : -0.042
TNS   : -0.042

Type  : Slow 1100mV 0C Model Hold 'I2C_AV_Config:I2C_Configure_Audio_Chip|mI2C_CTRL_CLK'
Slack : 0.294
TNS   : 0.000

Type  : Slow 1100mV 0C Model Hold 'b2v_inst7|clockgen_inst|altera_pll_i|general[3].gpll~PLL_OUTPUT_COUNTER|divclk'
Slack : 0.300
TNS   : 0.000

Type  : Slow 1100mV 0C Model Hold 'clk_vga'
Slack : 7.920
TNS   : 0.000

Type  : Slow 1100mV 0C Model Hold 'clk_dram'
Slack : 8.931
TNS   : 0.000

Type  : Slow 1100mV 0C Model Recovery 'b2v_inst7|clockgen_inst|altera_pll_i|general[0].gpll~PLL_OUTPUT_COUNTER|divclk'
Slack : 35.057
TNS   : 0.000

Type  : Slow 1100mV 0C Model Recovery 'altera_reserved_tck'
Slack : 59.080
TNS   : 0.000

Type  : Slow 1100mV 0C Model Removal 'b2v_inst7|clockgen_inst|altera_pll_i|general[0].gpll~PLL_OUTPUT_COUNTER|divclk'
Slack : 0.561
TNS   : 0.000

Type  : Slow 1100mV 0C Model Removal 'altera_reserved_tck'
Slack : 0.972
TNS   : 0.000

Type  : Slow 1100mV 0C Model Minimum Pulse Width 'b2v_inst7|clockgen_inst|altera_pll_i|general[0].gpll~FRACTIONAL_PLL|vcoph[0]'
Slack : 1.048
TNS   : 0.000

Type  : Slow 1100mV 0C Model Minimum Pulse Width 'b2v_inst7|clockgen_inst|altera_pll_i|general[2].gpll~PLL_OUTPUT_COUNTER|divclk'
Slack : 7.501
TNS   : 0.000

Type  : Slow 1100mV 0C Model Minimum Pulse Width 'b2v_inst7|clockgen_inst|altera_pll_i|general[3].gpll~PLL_OUTPUT_COUNTER|divclk'
Slack : 7.873
TNS   : 0.000

Type  : Slow 1100mV 0C Model Minimum Pulse Width 'CLOCK_50'
Slack : 9.293
TNS   : 0.000

Type  : Slow 1100mV 0C Model Minimum Pulse Width 'b2v_inst7|clockgen_inst|altera_pll_i|general[0].gpll~PLL_OUTPUT_COUNTER|divclk'
Slack : 16.966
TNS   : 0.000

Type  : Slow 1100mV 0C Model Minimum Pulse Width 'I2C_AV_Config:I2C_Configure_Audio_Chip|mI2C_CTRL_CLK'
Slack : 18.545
TNS   : 0.000

Type  : Slow 1100mV 0C Model Minimum Pulse Width 'altera_reserved_tck'
Slack : 29.373
TNS   : 0.000

Type  : Fast 1100mV 85C Model Setup 'clk_vga'
Slack : -7.081
TNS   : -166.836

Type  : Fast 1100mV 85C Model Setup 'b2v_inst7|clockgen_inst|altera_pll_i|general[2].gpll~PLL_OUTPUT_COUNTER|divclk'
Slack : -1.529
TNS   : -1.529

Type  : Fast 1100mV 85C Model Setup 'clk_dram'
Slack : 0.517
TNS   : 0.000

Type  : Fast 1100mV 85C Model Setup 'b2v_inst7|clockgen_inst|altera_pll_i|general[3].gpll~PLL_OUTPUT_COUNTER|divclk'
Slack : 5.071
TNS   : 0.000

Type  : Fast 1100mV 85C Model Setup 'b2v_inst7|clockgen_inst|altera_pll_i|general[0].gpll~PLL_OUTPUT_COUNTER|divclk'
Slack : 7.483
TNS   : 0.000

Type  : Fast 1100mV 85C Model Setup 'altera_reserved_tck'
Slack : 24.519
TNS   : 0.000

Type  : Fast 1100mV 85C Model Setup 'I2C_AV_Config:I2C_Configure_Audio_Chip|mI2C_CTRL_CLK'
Slack : 35.282
TNS   : 0.000

Type  : Fast 1100mV 85C Model Hold 'b2v_inst7|clockgen_inst|altera_pll_i|general[2].gpll~PLL_OUTPUT_COUNTER|divclk'
Slack : -0.795
TNS   : -0.795

Type  : Fast 1100mV 85C Model Hold 'altera_reserved_tck'
Slack : -0.054
TNS   : -0.054

Type  : Fast 1100mV 85C Model Hold 'b2v_inst7|clockgen_inst|altera_pll_i|general[0].gpll~PLL_OUTPUT_COUNTER|divclk'
Slack : 0.016
TNS   : 0.000

Type  : Fast 1100mV 85C Model Hold 'I2C_AV_Config:I2C_Configure_Audio_Chip|mI2C_CTRL_CLK'
Slack : 0.085
TNS   : 0.000

Type  : Fast 1100mV 85C Model Hold 'b2v_inst7|clockgen_inst|altera_pll_i|general[3].gpll~PLL_OUTPUT_COUNTER|divclk'
Slack : 0.250
TNS   : 0.000

Type  : Fast 1100mV 85C Model Hold 'clk_vga'
Slack : 4.193
TNS   : 0.000

Type  : Fast 1100mV 85C Model Hold 'clk_dram'
Slack : 5.149
TNS   : 0.000

Type  : Fast 1100mV 85C Model Recovery 'b2v_inst7|clockgen_inst|altera_pll_i|general[0].gpll~PLL_OUTPUT_COUNTER|divclk'
Slack : 36.542
TNS   : 0.000

Type  : Fast 1100mV 85C Model Recovery 'altera_reserved_tck'
Slack : 60.088
TNS   : 0.000

Type  : Fast 1100mV 85C Model Removal 'b2v_inst7|clockgen_inst|altera_pll_i|general[0].gpll~PLL_OUTPUT_COUNTER|divclk'
Slack : 0.467
TNS   : 0.000

Type  : Fast 1100mV 85C Model Removal 'altera_reserved_tck'
Slack : 0.558
TNS   : 0.000

Type  : Fast 1100mV 85C Model Minimum Pulse Width 'b2v_inst7|clockgen_inst|altera_pll_i|general[0].gpll~FRACTIONAL_PLL|vcoph[0]'
Slack : 1.314
TNS   : 0.000

Type  : Fast 1100mV 85C Model Minimum Pulse Width 'b2v_inst7|clockgen_inst|altera_pll_i|general[2].gpll~PLL_OUTPUT_COUNTER|divclk'
Slack : 8.697
TNS   : 0.000

Type  : Fast 1100mV 85C Model Minimum Pulse Width 'b2v_inst7|clockgen_inst|altera_pll_i|general[3].gpll~PLL_OUTPUT_COUNTER|divclk'
Slack : 8.875
TNS   : 0.000

Type  : Fast 1100mV 85C Model Minimum Pulse Width 'CLOCK_50'
Slack : 9.150
TNS   : 0.000

Type  : Fast 1100mV 85C Model Minimum Pulse Width 'b2v_inst7|clockgen_inst|altera_pll_i|general[0].gpll~PLL_OUTPUT_COUNTER|divclk'
Slack : 17.872
TNS   : 0.000

Type  : Fast 1100mV 85C Model Minimum Pulse Width 'I2C_AV_Config:I2C_Configure_Audio_Chip|mI2C_CTRL_CLK'
Slack : 18.822
TNS   : 0.000

Type  : Fast 1100mV 85C Model Minimum Pulse Width 'altera_reserved_tck'
Slack : 29.191
TNS   : 0.000

Type  : Fast 1100mV 0C Model Setup 'clk_vga'
Slack : -6.755
TNS   : -158.691

Type  : Fast 1100mV 0C Model Setup 'b2v_inst7|clockgen_inst|altera_pll_i|general[2].gpll~PLL_OUTPUT_COUNTER|divclk'
Slack : -0.998
TNS   : -0.998

Type  : Fast 1100mV 0C Model Setup 'clk_dram'
Slack : 0.899
TNS   : 0.000

Type  : Fast 1100mV 0C Model Setup 'b2v_inst7|clockgen_inst|altera_pll_i|general[3].gpll~PLL_OUTPUT_COUNTER|divclk'
Slack : 5.588
TNS   : 0.000

Type  : Fast 1100mV 0C Model Setup 'b2v_inst7|clockgen_inst|altera_pll_i|general[0].gpll~PLL_OUTPUT_COUNTER|divclk'
Slack : 7.669
TNS   : 0.000

Type  : Fast 1100mV 0C Model Setup 'altera_reserved_tck'
Slack : 24.766
TNS   : 0.000

Type  : Fast 1100mV 0C Model Setup 'I2C_AV_Config:I2C_Configure_Audio_Chip|mI2C_CTRL_CLK'
Slack : 35.630
TNS   : 0.000

Type  : Fast 1100mV 0C Model Hold 'b2v_inst7|clockgen_inst|altera_pll_i|general[2].gpll~PLL_OUTPUT_COUNTER|divclk'
Slack : -1.084
TNS   : -1.084

Type  : Fast 1100mV 0C Model Hold 'altera_reserved_tck'
Slack : -0.060
TNS   : -0.060

Type  : Fast 1100mV 0C Model Hold 'b2v_inst7|clockgen_inst|altera_pll_i|general[0].gpll~PLL_OUTPUT_COUNTER|divclk'
Slack : -0.012
TNS   : -0.012

Type  : Fast 1100mV 0C Model Hold 'I2C_AV_Config:I2C_Configure_Audio_Chip|mI2C_CTRL_CLK'
Slack : 0.077
TNS   : 0.000

Type  : Fast 1100mV 0C Model Hold 'b2v_inst7|clockgen_inst|altera_pll_i|general[3].gpll~PLL_OUTPUT_COUNTER|divclk'
Slack : 0.230
TNS   : 0.000

Type  : Fast 1100mV 0C Model Hold 'clk_vga'
Slack : 3.894
TNS   : 0.000

Type  : Fast 1100mV 0C Model Hold 'clk_dram'
Slack : 4.800
TNS   : 0.000

Type  : Fast 1100mV 0C Model Recovery 'b2v_inst7|clockgen_inst|altera_pll_i|general[0].gpll~PLL_OUTPUT_COUNTER|divclk'
Slack : 36.958
TNS   : 0.000

Type  : Fast 1100mV 0C Model Recovery 'altera_reserved_tck'
Slack : 60.318
TNS   : 0.000

Type  : Fast 1100mV 0C Model Removal 'b2v_inst7|clockgen_inst|altera_pll_i|general[0].gpll~PLL_OUTPUT_COUNTER|divclk'
Slack : 0.409
TNS   : 0.000

Type  : Fast 1100mV 0C Model Removal 'altera_reserved_tck'
Slack : 0.489
TNS   : 0.000

Type  : Fast 1100mV 0C Model Minimum Pulse Width 'b2v_inst7|clockgen_inst|altera_pll_i|general[0].gpll~FRACTIONAL_PLL|vcoph[0]'
Slack : 1.341
TNS   : 0.000

Type  : Fast 1100mV 0C Model Minimum Pulse Width 'b2v_inst7|clockgen_inst|altera_pll_i|general[2].gpll~PLL_OUTPUT_COUNTER|divclk'
Slack : 8.712
TNS   : 0.000

Type  : Fast 1100mV 0C Model Minimum Pulse Width 'b2v_inst7|clockgen_inst|altera_pll_i|general[3].gpll~PLL_OUTPUT_COUNTER|divclk'
Slack : 8.923
TNS   : 0.000

Type  : Fast 1100mV 0C Model Minimum Pulse Width 'CLOCK_50'
Slack : 9.112
TNS   : 0.000

Type  : Fast 1100mV 0C Model Minimum Pulse Width 'b2v_inst7|clockgen_inst|altera_pll_i|general[0].gpll~PLL_OUTPUT_COUNTER|divclk'
Slack : 17.909
TNS   : 0.000

Type  : Fast 1100mV 0C Model Minimum Pulse Width 'I2C_AV_Config:I2C_Configure_Audio_Chip|mI2C_CTRL_CLK'
Slack : 18.871
TNS   : 0.000

Type  : Fast 1100mV 0C Model Minimum Pulse Width 'altera_reserved_tck'
Slack : 29.187
TNS   : 0.000

------------------------------------------------------------
